bodhi: 193 lines changed since HEAD
2 verse lines that aren't whole lines of the page
  an3.27:4.1: A verse is attached identical with that in <a href="https://suttacentral.net/an3.26">AN3.26</a>.
  sn46.17:2.1: (The verses attached to this sutta are identical with those at <a href="https://suttacentral.net/sn45.34">SN45.34</a> above.)
82 Pali lines newly shown; 104 newly hidden, outside covered.json
  an10.22:7.2
  an10.22:8.2
  an10.267-746:1.24
  an10.27:6.6
  an10.35:1.12
  an10.35:1.13
  an10.36:1.12
  an10.36:1.13
  an10.53:6.4
  an10.53:7.1
  an10.53:7.5
  an10.62:2.21
  an3.27:4.2
  an4.40:2.4
  an4.54:6.1
  an4.54:10.2
  an5.50:14.3
  an8.43:3.1
  an8.43:12.1
  an8.45:4.4
  an8.45:12.1
  an8.47:5.2
  an8.48:12.2
  an8.8:10.1
  an8.8:10.2
  an8.8:10.3
  an8.8:12.3
  an8.8:12.4
  sn11.12:9.1
  sn11.12:10.4
  sn11.13:13.1
  sn11.20:1.2
  sn11.2:2.10
  sn12.28:2.10
  sn12.36:2.1
  sn12.36:2.4
  sn12.42:1.3
  sn12.50:5.1
  sn12.54:2.3
  sn12.56:2.2
  sn16.7:12.8
  sn22.34:1.13
  sn22.77:2.3
  sn22.81:6.6
  sn22.88:1.10
  sn35.100:1.10
  sn35.102:1.16
  sn35.107:2.5
  sn35.112:1.7
  sn35.113:1.2
  sn35.117:3.1
  sn35.117:5.11
  sn35.119:1.2
  sn35.121:19.2
  sn35.122:1.3
  sn35.124:2.3
  sn35.128:1.5
  sn35.137:1.9
  sn35.137:1.10
  sn35.139:1.12
  sn35.139:1.13
  sn35.143:1.3
  sn35.14:2.2
  sn35.150:6.1
  sn35.150:10.1
  sn35.16:2.1
  sn35.18:2.2
  sn35.22:1.6
  sn35.54:1.15
  sn35.62:14.1
  sn35.62:20.7
  sn35.72:1.2
  sn35.73:1.2
  sn35.75:1.3
  sn35.86:24.4
  sn35.89:7.1
  sn35.89:9.2
  sn35.89:14.1
  sn36.17:1.2
  sn36.17:2.10
  sn36.8:3.3
  sn4.10:1.3
  sn44.11:1.9
  sn44.2:2.12
  sn44.2:16.6
  sn44.4:1.2
  sn44.5:1.2
  sn44.6:1.6
  sn44.6:1.7
  sn44.8:1.7
  sn45.3:4.3
  sn45.96:1.5
  sn45.97:1.4
  sn46.17:5.2
  sn47.14:3.6
  sn47.23:1.3
  sn47.27:2.4
  sn47.27:2.5
  sn47.33:2.4
  sn47.33:2.5
  sn47.63-72:1.2
  sn47.73-84:1.2
  sn47.85-94:1.4
  sn56.14:6.1
0 Pali lines hidden in the verses he translates, in the whole translation
